{
  "user_name": "test_user",
  "password": "test"
}